2026/10/01 02:03:04 INFO  <capsule-package-manager/main.go:55> Starting Capsule Package Manager
2026/10/01 02:03:06 INFO  <capsule-package-manager/main.go:55> Starting Capsule Package Manager
2026/10/01 02:04:07 INFO  <capsule-package-manager/main.go:55> Starting Capsule Package Manager
2026/10/01 02:07:17 INFO  <capsule-package-manager/main.go:55> Starting Capsule Package Manager
2026/10/01 02:08:17 INFO  <capsule-package-manager/main.go:55> Starting Capsule Package Manager
2026/10/01 02:08:42 INFO  <capsule-package-manager/main.go:55> Starting Capsule Package Manager
2026/10/01 02:10:42 INFO  <capsule-package-manager/main.go:55> Starting Capsule Package Manager
2026/10/01 02:18:05 INFO  Starting Capsule Package Manager
2026/10/01 02:18:05 DEBUG Searching for package package=neovim
2026/10/01 02:25:21 INFO  <capsule-package-manager/main.go:54> Starting Capsule Package Manager
2026/10/01 02:25:21 DEBUG <capsule-package-manager/search_packages.go:66> Searching for package package=neovim
2026/10/01 02:27:52 INFO  <capsule-package-manager/main.go:54> Starting Capsule Package Manager
2026/10/01 02:27:53 INFO  <capsule-package-manager/search_packages.go:68> Searching for package package=neovim
2026/10/01 02:27:53 DEBUG <capsule-package-manager/search_packages.go:37> Opening detailed package view
2026/10/01 02:27:58 INFO  <capsule-package-manager/main.go:54> Starting Capsule Package Manager
2026/10/01 02:27:58 INFO  <capsule-package-manager/search_packages.go:68> Searching for package package=neovim
2026/10/01 02:27:58 DEBUG <capsule-package-manager/search_packages.go:18> Opening search list
2026/10/01 02:29:44 INFO  <capsule-package-manager/main.go:54> Starting Capsule Package Manager
2026/10/01 02:29:45 INFO  <capsule-package-manager/search_packages.go:68> Searching for package package=neovim
2026/10/01 02:29:45 DEBUG <capsule-package-manager/search_packages.go:37> Opening detailed package view
2026/10/01 02:29:45 DEBUG <capsule-package-manager/detailed_viewport.go:83> Closing standalone detailed package view
2026/10/01 02:29:48 INFO  <capsule-package-manager/main.go:54> Starting Capsule Package Manager
2026/10/01 02:29:48 INFO  <capsule-package-manager/search_packages.go:68> Searching for package package=neovim
2026/10/01 02:29:48 DEBUG <capsule-package-manager/search_packages.go:18> Opening search list
2026/10/01 02:31:43 INFO  <capsule-package-manager/main.go:54> Starting Capsule Package Manager
2026/10/01 02:31:43 INFO  <capsule-package-manager/search_packages.go:68> Searching for package package=neovim
2026/10/01 02:31:43 DEBUG <capsule-package-manager/search_packages.go:18> Opening search list
2026/10/01 02:31:48 DEBUG <capsule-package-manager/search_list.go:78> Opening package details
2026/10/01 02:31:50 DEBUG <capsule-package-manager/search_list.go:70> Returning to search list
2026/10/01 02:31:52 DEBUG <capsule-package-manager/search_list.go:78> Opening package details
2026/10/01 02:31:52 DEBUG <capsule-package-manager/search_list.go:66> Quitting program
2026/10/01 02:33:02 INFO  <capsule-package-manager/main.go:54> Starting Capsule Package Manager
2026/10/01 02:33:03 INFO  <capsule-package-manager/search_packages.go:68> Searching for package package=neovim
2026/10/01 02:33:03 DEBUG <capsule-package-manager/search_list.go:25> Compiling search results
2026/10/01 02:33:03 DEBUG <capsule-package-manager/search_packages.go:18> Opening search list
2026/10/01 02:37:58 INFO  <capsule-package-manager/main.go:54> Starting Capsule Package Manager
2026/10/01 02:37:58 INFO  <capsule-package-manager/search_packages.go:68> Searching for package package=neovim
2026/10/01 02:37:58 DEBUG <capsule-package-manager/search_list.go:25> Compiling search results
2026/10/01 02:37:58 DEBUG <capsule-package-manager/search_packages.go:18> Opening search list
2026/10/01 02:38:13 DEBUG <capsule-package-manager/search_list.go:74> Quitting Capsule
2026/10/01 02:38:18 INFO  <capsule-package-manager/main.go:54> Starting Capsule Package Manager
2026/10/01 02:38:19 INFO  <capsule-package-manager/search_packages.go:68> Searching for package package=vim
2026/10/01 02:38:19 DEBUG <capsule-package-manager/search_list.go:25> Compiling search results
2026/10/01 02:38:19 DEBUG <capsule-package-manager/search_packages.go:18> Opening search list
2026/10/01 02:38:48 DEBUG <capsule-package-manager/search_list.go:80> Opening package details
2026/10/01 02:38:52 DEBUG <capsule-package-manager/search_list.go:71> Returning to search list
2026/10/01 02:38:55 DEBUG <capsule-package-manager/search_list.go:80> Opening package details
2026/10/01 02:38:58 DEBUG <capsule-package-manager/search_list.go:71> Returning to search list
2026/10/01 02:38:59 DEBUG <capsule-package-manager/search_list.go:80> Opening package details
2026/10/01 02:39:01 DEBUG <capsule-package-manager/search_list.go:71> Returning to search list
2026/10/01 02:39:02 DEBUG <capsule-package-manager/search_list.go:80> Opening package details
2026/10/01 02:39:04 DEBUG <capsule-package-manager/search_list.go:71> Returning to search list
2026/10/01 02:39:07 DEBUG <capsule-package-manager/search_list.go:80> Opening package details
2026/10/01 02:39:10 DEBUG <capsule-package-manager/search_list.go:71> Returning to search list
2026/10/01 02:41:00 DEBUG <capsule-package-manager/search_list.go:74> Quitting Capsule
2026/10/01 02:41:04 INFO  <capsule-package-manager/main.go:54> Starting Capsule Package Manager
2026/10/01 02:41:04 INFO  <capsule-package-manager/search_packages.go:68> Searching for package package=vim
2026/10/01 02:41:04 DEBUG <capsule-package-manager/search_list.go:25> Compiling search results
2026/10/01 02:41:04 DEBUG <capsule-package-manager/search_packages.go:18> Opening search list
2026/10/01 02:41:14 DEBUG <capsule-package-manager/search_list.go:74> Quitting Capsule
2026/10/01 02:45:03 INFO  <capsule-package-manager/main.go:54> Starting Capsule Package Manager
2026/10/01 02:45:03 INFO  <capsule-package-manager/search_packages.go:68> Searching for package package=vim
2026/10/01 02:45:03 DEBUG <capsule-package-manager/search_list.go:25> Compiling search results
2026/10/01 02:45:03 DEBUG <capsule-package-manager/search_packages.go:18> Opening search list
2026/10/01 02:45:06 DEBUG <capsule-package-manager/search_list.go:74> Quitting Capsule
2026/10/01 02:48:00 INFO  <capsule-package-manager/main.go:54> Starting Capsule Package Manager
2026/10/01 02:48:00 INFO  <capsule-package-manager/search_packages.go:68> Searching for package package=vim
2026/10/01 02:48:00 DEBUG <capsule-package-manager/search_list.go:25> Compiling search results
2026/10/01 02:48:00 DEBUG <capsule-package-manager/search_packages.go:18> Opening search list
2026/10/01 02:51:47 DEBUG <capsule-package-manager/search_list.go:74> Quitting Capsule
2026/10/01 02:51:50 INFO  <capsule-package-manager/main.go:54> Starting Capsule Package Manager
2026/10/01 02:51:50 INFO  <capsule-package-manager/search_packages.go:68> Searching for package package=vim
2026/10/01 02:51:50 DEBUG <capsule-package-manager/search_list.go:25> Compiling search results
2026/10/01 02:51:50 DEBUG <capsule-package-manager/search_packages.go:18> Opening search list
2026/10/01 02:51:52 DEBUG <capsule-package-manager/search_list.go:74> Quitting Capsule
2026/10/01 02:51:57 INFO  <capsule-package-manager/main.go:54> Starting Capsule Package Manager
2026/10/01 02:51:57 INFO  <capsule-package-manager/search_packages.go:68> Searching for package package=vim
2026/10/01 02:51:57 DEBUG <capsule-package-manager/search_list.go:25> Compiling search results
2026/10/01 02:51:57 DEBUG <capsule-package-manager/search_packages.go:18> Opening search list
2026/10/01 02:57:56 DEBUG <capsule-package-manager/search_list.go:74> Quitting Capsule
2026/10/01 02:57:58 INFO  <capsule-package-manager/main.go:54> Starting Capsule Package Manager
2026/10/01 02:57:59 INFO  <capsule-package-manager/search_packages.go:68> Searching for package package=vim
2026/10/01 02:57:59 DEBUG <capsule-package-manager/search_list.go:25> Compiling search results
2026/10/01 02:57:59 DEBUG <capsule-package-manager/search_packages.go:18> Opening search list
2026/10/01 02:58:03 DEBUG <capsule-package-manager/search_list.go:74> Quitting Capsule
2026/10/01 02:59:19 INFO  <capsule-package-manager/main.go:54> Starting Capsule Package Manager
2026/10/01 02:59:19 INFO  <capsule-package-manager/search_packages.go:68> Searching for package package=vim
2026/10/01 02:59:19 DEBUG <capsule-package-manager/search_list.go:25> Compiling search results
2026/10/01 02:59:19 DEBUG <capsule-package-manager/search_packages.go:18> Opening search list
2026/10/01 02:59:24 DEBUG <capsule-package-manager/search_list.go:74> Quitting Capsule
2026/10/01 02:59:48 INFO  <capsule-package-manager/main.go:54> Starting Capsule Package Manager
2026/10/01 02:59:49 INFO  <capsule-package-manager/search_packages.go:68> Searching for package package=vim
2026/10/01 02:59:49 DEBUG <capsule-package-manager/search_list.go:25> Compiling search results
2026/10/01 02:59:49 DEBUG <capsule-package-manager/search_packages.go:18> Opening search list
2026/10/01 03:00:06 DEBUG <capsule-package-manager/search_list.go:74> Quitting Capsule
2026/10/01 03:00:08 INFO  <capsule-package-manager/main.go:54> Starting Capsule Package Manager
2026/10/01 03:00:08 INFO  <capsule-package-manager/search_packages.go:68> Searching for package package=vim
2026/10/01 03:00:08 DEBUG <capsule-package-manager/search_list.go:25> Compiling search results
2026/10/01 03:00:08 DEBUG <capsule-package-manager/search_packages.go:18> Opening search list
2026/10/01 03:00:15 DEBUG <capsule-package-manager/search_list.go:74> Quitting Capsule
2026/10/01 03:00:43 INFO  <capsule-package-manager/main.go:54> Starting Capsule Package Manager
2026/10/01 03:00:43 INFO  <capsule-package-manager/search_packages.go:68> Searching for package package=vim
2026/10/01 03:00:43 DEBUG <capsule-package-manager/search_list.go:25> Compiling search results
2026/10/01 03:00:43 DEBUG <capsule-package-manager/search_packages.go:18> Opening search list
2026/10/01 03:01:16 INFO  <capsule-package-manager/main.go:54> Starting Capsule Package Manager
2026/10/01 03:01:16 INFO  <capsule-package-manager/search_packages.go:68> Searching for package package=vim
2026/10/01 03:01:16 DEBUG <capsule-package-manager/search_list.go:25> Compiling search results
2026/10/01 03:01:16 DEBUG <capsule-package-manager/search_packages.go:18> Opening search list
2026/10/01 03:05:58 DEBUG <capsule-package-manager/search_list.go:67> Quitting Capsule
2026/10/01 03:06:38 DEBUG <capsule-package-manager/search_list.go:67> Quitting Capsule
2026/10/01 03:06:45 INFO  <capsule-package-manager/main.go:54> Starting Capsule Package Manager
2026/10/01 03:06:45 INFO  <capsule-package-manager/search_packages.go:68> Searching for package package=vim
2026/10/01 03:06:45 DEBUG <capsule-package-manager/search_list.go:50> Compiling search results
2026/10/01 03:06:45 DEBUG <capsule-package-manager/search_packages.go:18> Opening search list
2026/10/01 03:06:57 INFO  <capsule-package-manager/main.go:54> Starting Capsule Package Manager
2026/10/01 03:06:57 INFO  <capsule-package-manager/search_packages.go:68> Searching for package package=vim
2026/10/01 03:06:57 DEBUG <capsule-package-manager/search_list.go:50> Compiling search results
2026/10/01 03:06:57 DEBUG <capsule-package-manager/search_packages.go:18> Opening search list
2026/10/01 03:06:59 DEBUG <capsule-package-manager/search_list.go:99> Quitting Capsule
2026/10/01 03:07:03 DEBUG <capsule-package-manager/search_list.go:99> Quitting Capsule
